[index] starting; existing entries: 0 ribbons across 1 paks
[index] discovered 38 paks under D:/SteamLibrary/steamapps/common/Train Sim World 6
[index] (1/38) Foob_GodMode_0-6-4_TSW4-5-6.pak: skipped (train-only)
[index] (2/38) TS2Prototype-WindowsNoEditor-BPEAcela.pak: cached (0 ribbons)
[index] (3/38) TS2Prototype-WindowsNoEditor-BRClass390.pak: skipped (train-only)
[index] (4/38) TS2Prototype-WindowsNoEditor-BerninaLine.pak: scanning...
Unpacked 32944 files to C:\Users\hcfai\AppData\Local\Temp\tsw6-index-2349035352 from D:\SteamLibrary\steamapps\common\Train Sim World 6\WindowsNoEditor\TS2Prototype\Content\DLC\TS2Prototype-WindowsNoEditor-BerninaLine.pak
Out of memory.
Out of memory.
[index] (4/38) TS2Prototype-WindowsNoEditor-BerninaLine.pak: 3281 ribbons (+3281 new) in 19m56s
[index] (5/38) TS2Prototype-WindowsNoEditor-BostonProvidence.pak: scanning...
Unpacked 26006 files to C:\Users\hcfai\AppData\Local\Temp\tsw6-index-487282604 from D:\SteamLibrary\steamapps\common\Train Sim World 6\WindowsNoEditor\TS2Prototype\Content\DLC\TS2Prototype-WindowsNoEditor-BostonProvidence.pak
Out of memory.
Out of memory.
[index] (5/38) TS2Prototype-WindowsNoEditor-BostonProvidence.pak: 4999 ribbons (+4999 new) in 21m19s
[index] (6/38) TS2Prototype-WindowsNoEditor-BostonProvidenceGameplayPack.pak: scanning...
Unpacked 9315 files to C:\Users\hcfai\AppData\Local\Temp\tsw6-index-2563674205 from D:\SteamLibrary\steamapps\common\Train Sim World 6\WindowsNoEditor\TS2Prototype\Content\DLC\TS2Prototype-WindowsNoEditor-BostonProvidenceGameplayPack.pak
[index] (6/38) TS2Prototype-WindowsNoEditor-BostonProvidenceGameplayPack.pak: 0 ribbons (+0 new) in 12s
[index] (7/38) TS2Prototype-WindowsNoEditor-BostonWorcester.pak: scanning...
Unpacked 48265 files to C:\Users\hcfai\AppData\Local\Temp\tsw6-index-1443082773 from D:\SteamLibrary\steamapps\common\Train Sim World 6\WindowsNoEditor\TS2Prototype\Content\DLC\TS2Prototype-WindowsNoEditor-BostonWorcester.pak
Out of memory.
Out of memory.
[index] (7/38) TS2Prototype-WindowsNoEditor-BostonWorcester.pak: 5534 ribbons (+3761 new) in 22m33s
[index] (8/38) TS2Prototype-WindowsNoEditor-CL-Intermodal.pak: skipped (train-only)
[index] (9/38) TS2Prototype-WindowsNoEditor-CL-Military.pak: skipped (train-only)
[index] (10/38) TS2Prototype-WindowsNoEditor-CL-Nuclear.pak: skipped (train-only)
[index] (11/38) TS2Prototype-WindowsNoEditor-DresdenLeipzig.pak: scanning...
Unpacked 62969 files to C:\Users\hcfai\AppData\Local\Temp\tsw6-index-1529171142 from D:\SteamLibrary\steamapps\common\Train Sim World 6\WindowsNoEditor\TS2Prototype\Content\DLC\TS2Prototype-WindowsNoEditor-DresdenLeipzig.pak
Out of memory.
Out of memory.
Out of memory.
Out of memory.
Out of memory.
Out of memory.
Out of memory.
Out of memory.
Out of memory.
Out of memory.
[index] (11/38) TS2Prototype-WindowsNoEditor-DresdenLeipzig.pak: 18281 ribbons (+18281 new) in 1h0m10s
[index] (12/38) TS2Prototype-WindowsNoEditor-DresdenRiesa.pak: scanning...
Unpacked 43112 files to C:\Users\hcfai\AppData\Local\Temp\tsw6-index-2761369387 from D:\SteamLibrary\steamapps\common\Train Sim World 6\WindowsNoEditor\TS2Prototype\Content\DLC\TS2Prototype-WindowsNoEditor-DresdenRiesa.pak
Out of memory.
Out of memory.
Out of memory.
Out of memory.
Out of memory.
[index] (12/38) TS2Prototype-WindowsNoEditor-DresdenRiesa.pak: 7340 ribbons (+403 new) in 30m48s
[index] (13/38) TS2Prototype-WindowsNoEditor-GoblinLine.pak: scanning...
Unpacked 30272 files to C:\Users\hcfai\AppData\Local\Temp\tsw6-index-3370037979 from D:\SteamLibrary\steamapps\common\Train Sim World 6\WindowsNoEditor\TS2Prototype\Content\DLC\TS2Prototype-WindowsNoEditor-GoblinLine.pak
Out of memory.
Out of memory.
[index] (13/38) TS2Prototype-WindowsNoEditor-GoblinLine.pak: 2876 ribbons (+2876 new) in 14m8s
[index] (14/38) TS2Prototype-WindowsNoEditor-HarlemLine.pak: scanning...
Unpacked 23430 files to C:\Users\hcfai\AppData\Local\Temp\tsw6-index-689144928 from D:\SteamLibrary\steamapps\common\Train Sim World 6\WindowsNoEditor\TS2Prototype\Content\DLC\TS2Prototype-WindowsNoEditor-HarlemLine.pak
[index] (14/38) TS2Prototype-WindowsNoEditor-HarlemLine.pak: 3804 ribbons (+3804 new) in 10m44s
[index] (15/38) TS2Prototype-WindowsNoEditor-HorseshoeCurve.pak: scanning...
Unpacked 23410 files to C:\Users\hcfai\AppData\Local\Temp\tsw6-index-2874236283 from D:\SteamLibrary\steamapps\common\Train Sim World 6\WindowsNoEditor\TS2Prototype\Content\DLC\TS2Prototype-WindowsNoEditor-HorseshoeCurve.pak
[index] (15/38) TS2Prototype-WindowsNoEditor-HorseshoeCurve.pak: 4564 ribbons (+4564 new) in 19m11s
[index] (16/38) TS2Prototype-WindowsNoEditor-IsleOfWight.pak: scanning...
Unpacked 15582 files to C:\Users\hcfai\AppData\Local\Temp\tsw6-index-100270612 from D:\SteamLibrary\steamapps\common\Train Sim World 6\WindowsNoEditor\TS2Prototype\Content\DLC\TS2Prototype-WindowsNoEditor-IsleOfWight.pak
[index] (16/38) TS2Prototype-WindowsNoEditor-IsleOfWight.pak: 418 ribbons (+418 new) in 7m46s
[index] (17/38) TS2Prototype-WindowsNoEditor-LUBakerlooLine.pak: scanning...
Unpacked 19611 files to C:\Users\hcfai\AppData\Local\Temp\tsw6-index-3702677007 from D:\SteamLibrary\steamapps\common\Train Sim World 6\WindowsNoEditor\TS2Prototype\Content\DLC\TS2Prototype-WindowsNoEditor-LUBakerlooLine.pak
Out of memory.
Out of memory.
Out of memory.
Out of memory.
Out of memory.
Out of memory.
[index] (17/38) TS2Prototype-WindowsNoEditor-LUBakerlooLine.pak: 3272 ribbons (+3272 new) in 8m49s
[index] (18/38) TS2Prototype-WindowsNoEditor-LongIslandRailRoadExtended.pak: scanning...
Unpacked 37537 files to C:\Users\hcfai\AppData\Local\Temp\tsw6-index-3660131704 from D:\SteamLibrary\steamapps\common\Train Sim World 6\WindowsNoEditor\TS2Prototype\Content\DLC\TS2Prototype-WindowsNoEditor-LongIslandRailRoadExtended.pak
Out of memory.
Out of memory.
[index] (18/38) TS2Prototype-WindowsNoEditor-LongIslandRailRoadExtended.pak: 8419 ribbons (+8419 new) in 24m23s
[index] (19/38) TS2Prototype-WindowsNoEditor-MarseilleAvignon.pak: scanning...
Unpacked 20640 files to C:\Users\hcfai\AppData\Local\Temp\tsw6-index-4238323395 from D:\SteamLibrary\steamapps\common\Train Sim World 6\WindowsNoEditor\TS2Prototype\Content\DLC\TS2Prototype-WindowsNoEditor-MarseilleAvignon.pak
Out of memory.
[index] (19/38) TS2Prototype-WindowsNoEditor-MarseilleAvignon.pak: 2733 ribbons (+2733 new) in 24m55s
[index] (20/38) TS2Prototype-WindowsNoEditor-MetrolinkAntelopeValleyLine.pak: scanning...
Unpacked 44331 files to C:\Users\hcfai\AppData\Local\Temp\tsw6-index-4014800545 from D:\SteamLibrary\steamapps\common\Train Sim World 6\WindowsNoEditor\TS2Prototype\Content\DLC\TS2Prototype-WindowsNoEditor-MetrolinkAntelopeValleyLine.pak
[index] (20/38) TS2Prototype-WindowsNoEditor-MetrolinkAntelopeValleyLine.pak: 4122 ribbons (+4122 new) in 43m14s
[index] (21/38) TS2Prototype-WindowsNoEditor-Morristown.pak: scanning...
Unpacked 46564 files to C:\Users\hcfai\AppData\Local\Temp\tsw6-index-2978925361 from D:\SteamLibrary\steamapps\common\Train Sim World 6\WindowsNoEditor\TS2Prototype\Content\DLC\TS2Prototype-WindowsNoEditor-Morristown.pak
Out of memory.
Out of memory.
Out of memory.
Out of memory.
Out of memory.
Out of memory.
Out of memory.
[index] (21/38) TS2Prototype-WindowsNoEditor-Morristown.pak: 12186 ribbons (+8486 new) in 38m19s
[index] (22/38) TS2Prototype-WindowsNoEditor-NewJourneysSD40.pak: skipped (train-only)
[index] (23/38) TS2Prototype-WindowsNoEditor-RivieraLine.pak: scanning...
Unpacked 48828 files to C:\Users\hcfai\AppData\Local\Temp\tsw6-index-2991444225 from D:\SteamLibrary\steamapps\common\Train Sim World 6\WindowsNoEditor\TS2Prototype\Content\DLC\TS2Prototype-WindowsNoEditor-RivieraLine.pak
[index] (23/38) TS2Prototype-WindowsNoEditor-RivieraLine.pak: 4509 ribbons (+4509 new) in 25m3s
[index] (24/38) TS2Prototype-WindowsNoEditor-SandPatchGrade.pak: scanning...
Unpacked 22593 files to C:\Users\hcfai\AppData\Local\Temp\tsw6-index-1911332982 from D:\SteamLibrary\steamapps\common\Train Sim World 6\WindowsNoEditor\TS2Prototype\Content\DLC\TS2Prototype-WindowsNoEditor-SandPatchGrade.pak
[index] (24/38) TS2Prototype-WindowsNoEditor-SandPatchGrade.pak: 3773 ribbons (+3773 new) in 13m4s
[index] (25/38) TS2Prototype-WindowsNoEditor-ShermanHill.pak: scanning...
Unpacked 26542 files to C:\Users\hcfai\AppData\Local\Temp\tsw6-index-500551041 from D:\SteamLibrary\steamapps\common\Train Sim World 6\WindowsNoEditor\TS2Prototype\Content\DLC\TS2Prototype-WindowsNoEditor-ShermanHill.pak
[index] (25/38) TS2Prototype-WindowsNoEditor-ShermanHill.pak: 3983 ribbons (+3983 new) in 27m22s
[index] (26/38) TS2Prototype-WindowsNoEditor-SpiritOfSteam.pak: scanning...
Unpacked 29458 files to C:\Users\hcfai\AppData\Local\Temp\tsw6-index-1424942979 from D:\SteamLibrary\steamapps\common\Train Sim World 6\WindowsNoEditor\TS2Prototype\Content\DLC\TS2Prototype-WindowsNoEditor-SpiritOfSteam.pak
[index] (26/38) TS2Prototype-WindowsNoEditor-SpiritOfSteam.pak: 15489 ribbons (+15489 new) in 14m53s
[index] (27/38) TS2Prototype-WindowsNoEditor-TSW2PaddingtonReading.pak: scanning...
Unpacked 33031 files to C:\Users\hcfai\AppData\Local\Temp\tsw6-index-3343300285 from D:\SteamLibrary\steamapps\common\Train Sim World 6\WindowsNoEditor\TS2Prototype\Content\DLC\TS2Prototype-WindowsNoEditor-TSW2PaddingtonReading.pak
Out of memory.
Out of memory.
[index] (27/38) TS2Prototype-WindowsNoEditor-TSW2PaddingtonReading.pak: 6007 ribbons (+6007 new) in 13m45s
[index] (28/38) TS2Prototype-WindowsNoEditor-TSW2TorontoIndustrial.pak: scanning...
Unpacked 18611 files to C:\Users\hcfai\AppData\Local\Temp\tsw6-index-2861958788 from D:\SteamLibrary\steamapps\common\Train Sim World 6\WindowsNoEditor\TS2Prototype\Content\DLC\TS2Prototype-WindowsNoEditor-TSW2TorontoIndustrial.pak
[index] (28/38) TS2Prototype-WindowsNoEditor-TSW2TorontoIndustrial.pak: 5285 ribbons (+5285 new) in 10m58s
[index] (29/38) TS2Prototype-WindowsNoEditor-TSW2WestSomersetRailway.pak: scanning...
Unpacked 16452 files to C:\Users\hcfai\AppData\Local\Temp\tsw6-index-1871439798 from D:\SteamLibrary\steamapps\common\Train Sim World 6\WindowsNoEditor\TS2Prototype\Content\DLC\TS2Prototype-WindowsNoEditor-TSW2WestSomersetRailway.pak
[index] (29/38) TS2Prototype-WindowsNoEditor-TSW2WestSomersetRailway.pak: 917 ribbons (+917 new) in 9m17s
[index] (30/38) TS2Prototype-WindowsNoEditor-WCMLSouth.pak: scanning...
Unpacked 51156 files to C:\Users\hcfai\AppData\Local\Temp\tsw6-index-1215695617 from D:\SteamLibrary\steamapps\common\Train Sim World 6\WindowsNoEditor\TS2Prototype\Content\DLC\TS2Prototype-WindowsNoEditor-WCMLSouth.pak
Out of memory.
Out of memory.
Out of memory.
Out of memory.
Out of memory.
Out of memory.
Out of memory.
Out of memory.
Out of memory.
Out of memory.
[index] (30/38) TS2Prototype-WindowsNoEditor-WCMLSouth.pak: 7826 ribbons (+5853 new) in 40m12s
[index] (31/38) TS2Prototype-WindowsNoEditor-WCMLSouthHKAWagonPack.pak: skipped (train-only)
[index] (32/38) TS2Prototype-WindowsNoEditor-EuropeanContentPack-coredata.pak: scanning...
Unpacked 17732 files to C:\Users\hcfai\AppData\Local\Temp\tsw6-index-227495254 from D:\SteamLibrary\steamapps\common\Train Sim World 6\WindowsNoEditor\TS2Prototype\Content\Paks\TS2Prototype-WindowsNoEditor-EuropeanContentPack-coredata.pak
[index] (32/38) TS2Prototype-WindowsNoEditor-EuropeanContentPack-coredata.pak: 0 ribbons (+0 new) in 20s
[index] (33/38) TS2Prototype-WindowsNoEditor-NLContentPack-coredata.pak: scanning...
Unpacked 1359 files to C:\Users\hcfai\AppData\Local\Temp\tsw6-index-4059414458 from D:\SteamLibrary\steamapps\common\Train Sim World 6\WindowsNoEditor\TS2Prototype\Content\Paks\TS2Prototype-WindowsNoEditor-NLContentPack-coredata.pak
[index] (33/38) TS2Prototype-WindowsNoEditor-NLContentPack-coredata.pak: 0 ribbons (+0 new) in 2s
[index] (34/38) TS2Prototype-WindowsNoEditor-TrainingCentre-coredata.pak: scanning...
Unpacked 28399 files to C:\Users\hcfai\AppData\Local\Temp\tsw6-index-2920611636 from D:\SteamLibrary\steamapps\common\Train Sim World 6\WindowsNoEditor\TS2Prototype\Content\Paks\TS2Prototype-WindowsNoEditor-TrainingCentre-coredata.pak
Out of memory.
Out of memory.
[index] (34/38) TS2Prototype-WindowsNoEditor-TrainingCentre-coredata.pak: 484 ribbons (+484 new) in 3m16s
[index] (35/38) TS2Prototype-WindowsNoEditor-UKContentPack-coredata.pak: scanning...
Unpacked 10335 files to C:\Users\hcfai\AppData\Local\Temp\tsw6-index-3732239060 from D:\SteamLibrary\steamapps\common\Train Sim World 6\WindowsNoEditor\TS2Prototype\Content\Paks\TS2Prototype-WindowsNoEditor-UKContentPack-coredata.pak
[index] (35/38) TS2Prototype-WindowsNoEditor-UKContentPack-coredata.pak: 0 ribbons (+0 new) in 10s
[index] (36/38) TS2Prototype-WindowsNoEditor-USContentPack-coredata.pak: scanning...
Unpacked 10108 files to C:\Users\hcfai\AppData\Local\Temp\tsw6-index-2401176700 from D:\SteamLibrary\steamapps\common\Train Sim World 6\WindowsNoEditor\TS2Prototype\Content\Paks\TS2Prototype-WindowsNoEditor-USContentPack-coredata.pak
[index] (36/38) TS2Prototype-WindowsNoEditor-USContentPack-coredata.pak: 0 ribbons (+0 new) in 12s
[index] (37/38) TS2Prototype-WindowsNoEditor-VSIM_CZContentPack-coredata.pak: scanning...
Unpacked 1832 files to C:\Users\hcfai\AppData\Local\Temp\tsw6-index-2919619636 from D:\SteamLibrary\steamapps\common\Train Sim World 6\WindowsNoEditor\TS2Prototype\Content\Paks\TS2Prototype-WindowsNoEditor-VSIM_CZContentPack-coredata.pak
[index] (37/38) TS2Prototype-WindowsNoEditor-VSIM_CZContentPack-coredata.pak: 0 ribbons (+0 new) in 2s
[index] (38/38) TS2Prototype-WindowsNoEditor.pak: scanning...
Unpacked 35729 files to C:\Users\hcfai\AppData\Local\Temp\tsw6-index-61160211 from D:\SteamLibrary\steamapps\common\Train Sim World 6\WindowsNoEditor\TS2Prototype\Content\Paks\TS2Prototype-WindowsNoEditor.pak
[index] (38/38) TS2Prototype-WindowsNoEditor.pak: 0 ribbons (+0 new) in 38s
[index] done; total 115719 ribbons across 38 paks (+115719 ribbons, +37 paks this run)
[index] written to C:\Users\hcfai\Desktop\project_2\project\ribbon-index.json
